------------------------------------------------------------
TimeQuest Timing Analyzer Summary
------------------------------------------------------------

Type  : Slow Model Setup 'iCLK_100'
Slack : -70.024
TNS   : -4063.474

Type  : Slow Model Setup 'mTransmitter:mTransmitter|current_state.finish'
Slack : -9.989
TNS   : -71.867

Type  : Slow Model Setup 'AN831:AN831|mw8731_controller:MW8731_CONTROLLER1|dsp_slave_reader:DSP_SLAVE_READER_INSTANCE|sample_available_from_adc'
Slack : -7.437
TNS   : -12269.829

Type  : Slow Model Setup 'iCLK_11MHz'
Slack : -6.182
TNS   : -535.924

Type  : Slow Model Setup 'AN831:AN831|mw8731_controller:MW8731_CONTROLLER1|i2c_clk_prescaler:I2C_CLK_PRESCALER_INSTANCE|clk_100kHz_int'
Slack : -3.994
TNS   : -168.126

Type  : Slow Model Setup 'AUD_BCLK'
Slack : -3.028
TNS   : -158.100

Type  : Slow Model Setup 'AN831:AN831|out_page_sample_available'
Slack : -2.063
TNS   : -153.690

Type  : Slow Model Setup 'mTransmitter:mTransmitter|mTXD:txd|TX_current_stat.start'
Slack : -1.865
TNS   : -13.647

Type  : Slow Model Setup 'AN831|c0|altpll_component|pll|clk[0]'
Slack : 0.366
TNS   : 0.000

Type  : Slow Model Hold 'AUD_BCLK'
Slack : -3.159
TNS   : -3.159

Type  : Slow Model Hold 'iCLK_100'
Slack : -3.122
TNS   : -3.122

Type  : Slow Model Hold 'iCLK_11MHz'
Slack : -2.841
TNS   : -92.618

Type  : Slow Model Hold 'AN831:AN831|mw8731_controller:MW8731_CONTROLLER1|i2c_clk_prescaler:I2C_CLK_PRESCALER_INSTANCE|clk_100kHz_int'
Slack : -1.462
TNS   : -2.448

Type  : Slow Model Hold 'AN831:AN831|mw8731_controller:MW8731_CONTROLLER1|dsp_slave_reader:DSP_SLAVE_READER_INSTANCE|sample_available_from_adc'
Slack : -0.636
TNS   : -2.604

Type  : Slow Model Hold 'AN831:AN831|out_page_sample_available'
Slack : -0.397
TNS   : -0.447

Type  : Slow Model Hold 'AN831|c0|altpll_component|pll|clk[0]'
Slack : -0.132
TNS   : -0.132

Type  : Slow Model Hold 'mTransmitter:mTransmitter|mTXD:txd|TX_current_stat.start'
Slack : 0.964
TNS   : 0.000

Type  : Slow Model Hold 'mTransmitter:mTransmitter|current_state.finish'
Slack : 2.389
TNS   : 0.000

Type  : Slow Model Minimum Pulse Width 'iCLK_11MHz'
Slack : -1.941
TNS   : -166.665

Type  : Slow Model Minimum Pulse Width 'AUD_BCLK'
Slack : -1.941
TNS   : -88.013

Type  : Slow Model Minimum Pulse Width 'AN831:AN831|mw8731_controller:MW8731_CONTROLLER1|dsp_slave_reader:DSP_SLAVE_READER_INSTANCE|sample_available_from_adc'
Slack : -0.742
TNS   : -3062.976

Type  : Slow Model Minimum Pulse Width 'AN831:AN831|out_page_sample_available'
Slack : -0.742
TNS   : -759.808

Type  : Slow Model Minimum Pulse Width 'AN831:AN831|mw8731_controller:MW8731_CONTROLLER1|i2c_clk_prescaler:I2C_CLK_PRESCALER_INSTANCE|clk_100kHz_int'
Slack : -0.742
TNS   : -93.492

Type  : Slow Model Minimum Pulse Width 'mTransmitter:mTransmitter|current_state.finish'
Slack : 0.500
TNS   : 0.000

Type  : Slow Model Minimum Pulse Width 'mTransmitter:mTransmitter|mTXD:txd|TX_current_stat.start'
Slack : 0.500
TNS   : 0.000

Type  : Slow Model Minimum Pulse Width 'iCLK_100'
Slack : 3.758
TNS   : 0.000

Type  : Slow Model Minimum Pulse Width 'AN831|c0|altpll_component|pll|clk[0]'
Slack : 8.758
TNS   : 0.000

Type  : Fast Model Setup 'iCLK_100'
Slack : -20.777
TNS   : -1187.935

Type  : Fast Model Setup 'mTransmitter:mTransmitter|current_state.finish'
Slack : -2.658
TNS   : -18.436

Type  : Fast Model Setup 'AN831:AN831|mw8731_controller:MW8731_CONTROLLER1|dsp_slave_reader:DSP_SLAVE_READER_INSTANCE|sample_available_from_adc'
Slack : -1.909
TNS   : -2703.235

Type  : Fast Model Setup 'iCLK_11MHz'
Slack : -1.312
TNS   : -99.434

Type  : Fast Model Setup 'AN831:AN831|mw8731_controller:MW8731_CONTROLLER1|i2c_clk_prescaler:I2C_CLK_PRESCALER_INSTANCE|clk_100kHz_int'
Slack : -0.556
TNS   : -22.716

Type  : Fast Model Setup 'AUD_BCLK'
Slack : -0.374
TNS   : -16.424

Type  : Fast Model Setup 'mTransmitter:mTransmitter|mTXD:txd|TX_current_stat.start'
Slack : -0.238
TNS   : -1.481

Type  : Fast Model Setup 'AN831:AN831|out_page_sample_available'
Slack : -0.237
TNS   : -0.737

Type  : Fast Model Setup 'AN831|c0|altpll_component|pll|clk[0]'
Slack : 0.466
TNS   : 0.000

Type  : Fast Model Hold 'AUD_BCLK'
Slack : -1.735
TNS   : -1.735

Type  : Fast Model Hold 'iCLK_100'
Slack : -1.704
TNS   : -1.704

Type  : Fast Model Hold 'iCLK_11MHz'
Slack : -1.650
TNS   : -105.147

Type  : Fast Model Hold 'AN831:AN831|mw8731_controller:MW8731_CONTROLLER1|i2c_clk_prescaler:I2C_CLK_PRESCALER_INSTANCE|clk_100kHz_int'
Slack : -1.017
TNS   : -1.900

Type  : Fast Model Hold 'AN831:AN831|mw8731_controller:MW8731_CONTROLLER1|dsp_slave_reader:DSP_SLAVE_READER_INSTANCE|sample_available_from_adc'
Slack : -0.106
TNS   : -0.149

Type  : Fast Model Hold 'AN831|c0|altpll_component|pll|clk[0]'
Slack : -0.086
TNS   : -0.086

Type  : Fast Model Hold 'AN831:AN831|out_page_sample_available'
Slack : -0.066
TNS   : -0.066

Type  : Fast Model Hold 'mTransmitter:mTransmitter|mTXD:txd|TX_current_stat.start'
Slack : 0.676
TNS   : 0.000

Type  : Fast Model Hold 'mTransmitter:mTransmitter|current_state.finish'
Slack : 0.986
TNS   : 0.000

Type  : Fast Model Minimum Pulse Width 'iCLK_11MHz'
Slack : -1.380
TNS   : -112.380

Type  : Fast Model Minimum Pulse Width 'AUD_BCLK'
Slack : -1.380
TNS   : -59.380

Type  : Fast Model Minimum Pulse Width 'AN831:AN831|mw8731_controller:MW8731_CONTROLLER1|dsp_slave_reader:DSP_SLAVE_READER_INSTANCE|sample_available_from_adc'
Slack : -0.500
TNS   : -2064.000

Type  : Fast Model Minimum Pulse Width 'AN831:AN831|out_page_sample_available'
Slack : -0.500
TNS   : -512.000

Type  : Fast Model Minimum Pulse Width 'AN831:AN831|mw8731_controller:MW8731_CONTROLLER1|i2c_clk_prescaler:I2C_CLK_PRESCALER_INSTANCE|clk_100kHz_int'
Slack : -0.500
TNS   : -63.000

Type  : Fast Model Minimum Pulse Width 'mTransmitter:mTransmitter|current_state.finish'
Slack : 0.500
TNS   : 0.000

Type  : Fast Model Minimum Pulse Width 'mTransmitter:mTransmitter|mTXD:txd|TX_current_stat.start'
Slack : 0.500
TNS   : 0.000

Type  : Fast Model Minimum Pulse Width 'iCLK_100'
Slack : 4.000
TNS   : 0.000

Type  : Fast Model Minimum Pulse Width 'AN831|c0|altpll_component|pll|clk[0]'
Slack : 9.000
TNS   : 0.000

------------------------------------------------------------
