------------------------------------------------------------
TimeQuest Timing Analyzer Summary
------------------------------------------------------------

Type  : Slow Model Setup 'iCLK_100'
Slack : -6.786
TNS   : -53.505

Type  : Slow Model Setup 'iCLK_11MHz'
Slack : -5.782
TNS   : -516.854

Type  : Slow Model Setup 'mTransmitter:mTransmitter|current_state.finish'
Slack : -4.274
TNS   : -30.694

Type  : Slow Model Setup 'AN831:AN831|mw8731_controller:MW8731_CONTROLLER1|i2c_clk_prescaler:I2C_CLK_PRESCALER_INSTANCE|clk_100kHz_int'
Slack : -3.333
TNS   : -163.391

Type  : Slow Model Setup 'AUD_BCLK'
Slack : -3.122
TNS   : -214.549

Type  : Slow Model Setup 'mTransmitter:mTransmitter|mTXD:txd|TX_current_stat.start'
Slack : -2.874
TNS   : -17.526

Type  : Slow Model Setup 'AN831:AN831|out_page_sample_available'
Slack : -1.038
TNS   : -16.958

Type  : Slow Model Setup 'AN831|c0|altpll_component|pll|clk[0]'
Slack : 0.362
TNS   : 0.000

Type  : Slow Model Hold 'iCLK_100'
Slack : -3.101
TNS   : -3.101

Type  : Slow Model Hold 'iCLK_11MHz'
Slack : -2.435
TNS   : -62.463

Type  : Slow Model Hold 'AN831:AN831|mw8731_controller:MW8731_CONTROLLER1|i2c_clk_prescaler:I2C_CLK_PRESCALER_INSTANCE|clk_100kHz_int'
Slack : -1.011
TNS   : -2.021

Type  : Slow Model Hold 'AN831|c0|altpll_component|pll|clk[0]'
Slack : -0.128
TNS   : -0.128

Type  : Slow Model Hold 'mTransmitter:mTransmitter|current_state.finish'
Slack : 0.217
TNS   : 0.000

Type  : Slow Model Hold 'AUD_BCLK'
Slack : 0.499
TNS   : 0.000

Type  : Slow Model Hold 'AN831:AN831|out_page_sample_available'
Slack : 0.747
TNS   : 0.000

Type  : Slow Model Hold 'mTransmitter:mTransmitter|mTXD:txd|TX_current_stat.start'
Slack : 0.841
TNS   : 0.000

Type  : Slow Model Minimum Pulse Width 'iCLK_11MHz'
Slack : -1.941
TNS   : -166.665

Type  : Slow Model Minimum Pulse Width 'AUD_BCLK'
Slack : -1.941
TNS   : -116.209

Type  : Slow Model Minimum Pulse Width 'AN831:AN831|out_page_sample_available'
Slack : -0.742
TNS   : -94.976

Type  : Slow Model Minimum Pulse Width 'AN831:AN831|mw8731_controller:MW8731_CONTROLLER1|i2c_clk_prescaler:I2C_CLK_PRESCALER_INSTANCE|clk_100kHz_int'
Slack : -0.742
TNS   : -92.008

Type  : Slow Model Minimum Pulse Width 'mTransmitter:mTransmitter|current_state.finish'
Slack : 0.500
TNS   : 0.000

Type  : Slow Model Minimum Pulse Width 'mTransmitter:mTransmitter|mTXD:txd|TX_current_stat.start'
Slack : 0.500
TNS   : 0.000

Type  : Slow Model Minimum Pulse Width 'iCLK_100'
Slack : 3.758
TNS   : 0.000

Type  : Slow Model Minimum Pulse Width 'AN831|c0|altpll_component|pll|clk[0]'
Slack : 8.758
TNS   : 0.000

Type  : Fast Model Setup 'iCLK_100'
Slack : -1.583
TNS   : -12.294

Type  : Fast Model Setup 'iCLK_11MHz'
Slack : -1.209
TNS   : -95.484

Type  : Fast Model Setup 'mTransmitter:mTransmitter|current_state.finish'
Slack : -0.689
TNS   : -4.536

Type  : Fast Model Setup 'AN831:AN831|mw8731_controller:MW8731_CONTROLLER1|i2c_clk_prescaler:I2C_CLK_PRESCALER_INSTANCE|clk_100kHz_int'
Slack : -0.558
TNS   : -22.439

Type  : Fast Model Setup 'mTransmitter:mTransmitter|mTXD:txd|TX_current_stat.start'
Slack : -0.463
TNS   : -2.132

Type  : Fast Model Setup 'AUD_BCLK'
Slack : -0.389
TNS   : -21.612

Type  : Fast Model Setup 'AN831:AN831|out_page_sample_available'
Slack : 0.089
TNS   : 0.000

Type  : Fast Model Setup 'AN831|c0|altpll_component|pll|clk[0]'
Slack : 0.462
TNS   : 0.000

Type  : Fast Model Hold 'iCLK_100'
Slack : -1.680
TNS   : -1.680

Type  : Fast Model Hold 'iCLK_11MHz'
Slack : -1.547
TNS   : -97.291

Type  : Fast Model Hold 'AN831:AN831|mw8731_controller:MW8731_CONTROLLER1|i2c_clk_prescaler:I2C_CLK_PRESCALER_INSTANCE|clk_100kHz_int'
Slack : -0.879
TNS   : -1.750

Type  : Fast Model Hold 'AN831|c0|altpll_component|pll|clk[0]'
Slack : -0.082
TNS   : -0.082

Type  : Fast Model Hold 'AUD_BCLK'
Slack : 0.215
TNS   : 0.000

Type  : Fast Model Hold 'AN831:AN831|out_page_sample_available'
Slack : 0.242
TNS   : 0.000

Type  : Fast Model Hold 'mTransmitter:mTransmitter|current_state.finish'
Slack : 0.274
TNS   : 0.000

Type  : Fast Model Hold 'mTransmitter:mTransmitter|mTXD:txd|TX_current_stat.start'
Slack : 0.583
TNS   : 0.000

Type  : Fast Model Minimum Pulse Width 'iCLK_11MHz'
Slack : -1.380
TNS   : -112.380

Type  : Fast Model Minimum Pulse Width 'AUD_BCLK'
Slack : -1.380
TNS   : -78.380

Type  : Fast Model Minimum Pulse Width 'AN831:AN831|out_page_sample_available'
Slack : -0.500
TNS   : -64.000

Type  : Fast Model Minimum Pulse Width 'AN831:AN831|mw8731_controller:MW8731_CONTROLLER1|i2c_clk_prescaler:I2C_CLK_PRESCALER_INSTANCE|clk_100kHz_int'
Slack : -0.500
TNS   : -62.000

Type  : Fast Model Minimum Pulse Width 'mTransmitter:mTransmitter|current_state.finish'
Slack : 0.500
TNS   : 0.000

Type  : Fast Model Minimum Pulse Width 'mTransmitter:mTransmitter|mTXD:txd|TX_current_stat.start'
Slack : 0.500
TNS   : 0.000

Type  : Fast Model Minimum Pulse Width 'iCLK_100'
Slack : 4.000
TNS   : 0.000

Type  : Fast Model Minimum Pulse Width 'AN831|c0|altpll_component|pll|clk[0]'
Slack : 9.000
TNS   : 0.000

------------------------------------------------------------
